[BEGIN GLOBALS]
[END GLOBALS]
[BEGIN main LOCALS]
i (local var of 8 bytes)
b (local var of 8 bytes)
tmp0 (tmp var of 8 bytes)
[END main LOCALS]
main:       enter main
            [i] := 0
lbl_1:      nop
            [tmp0] := [i] LT64 10
            IFZ [tmp0] GOTO lbl_2
            [i] := [i] ADD64 1
            goto lbl_1
lbl_2:      nop
            [b] := 1
lbl_0:      leave main
